M
MFLAQIRFLAGVRSGRIVIAAGSSVQLCRPPK
MFQLGQEWAFRDIATFT
MLFHLVRGWLFIVRRSLESVYPRRCVLVGCRKRDVA
MLFHESVPRRENLAQTVNTWIPFGGLVAVGC
MLFRTCAEWGGF
MLLIPYRIQDHFLSSSQAQYLLCLTRFSFTSHAVQDLCGMGRLLVGHSANQPECNLGA
MLILEVVTKLAASHTTR
MLPFQVMLLIPYRIQDHFLSSSQAQYLLCLTRFSFTSHAVQDLCGMGRLLVGHSANQPECNLGA
MLTIKYDPDTWELPHIRQAEDDLTADRHQPTKWDPSVHRLR
MISPGASGGVR
MVSIKGKNFTRRLTGLCG
MVSRALPERGALC
MSSRSGLVCDMVSRALPERGALC
MSAP
MSN
MSRNAHSWPNWNMA
MPCSNWAKSGRFVTLLPLLRGPT
MT
MTIRPLLTPARNRI
MA
MYGSSVTDRL
MK
MKT
MEPVYENLGYIPLPTAH
MWGSSHVSGSYLMVSIKGKNFTRRLTGLCG
MRLVKSSGAMEPVYENLGYIPLPTAH
MRVFLAART
MRYGIKSIT
MGSKCSPSALSSRGEEHSHEITSGCSDEPVATGSSEQPDVISSRERVAFYR
MGPVLQIVCNQSST
MGRLLVGHSANQPECNLGA
MGRKTKPRETQ
